     VMA      LMA     Size Align Out     In      Symbol
       0        0        0     1 _estack = ORIGIN ( RAM ) + LENGTH ( RAM )
       0        0        0     1 _Min_Heap_Size = 0x800
       0        0        0     1 _Min_Stack_Size = 0x800
 8000000  8000000      24c     1 .isr_vector
 8000000  8000000        0     1         . = ALIGN ( 4 )
 8000000  8000000      24c     1         output\startup_stm32h573xx.o:(.isr_vector)
 8000000  8000000      24c     1                 g_pfnVectors
 800024c  800024c        0     1         . = ALIGN ( 4 )
 800024c  800024c     9058     4 .text
 800024c  800024c        0     1         . = ALIGN ( 4 )
 800024c  800024c       9a     4         D:\LLVM\arm-none-eabi\lib\libc.a(memset.S.o):(.text)
 800024c  800024c        0     1                 $t
 800024d  800024d       9a     1                 memset
 80002e8  80002e8      1c0     4         output\main.o:(.text)
 80002e8  80002e8        0     1                 $t
 80002e9  80002e9      104     1                 main
 80003d8  80003d8        0     1                 $d
 80003ec  80003ec        0     1                 $t
 80003ed  80003ed       98     1                 SystemClock_Config
 800047c  800047c        0     1                 $d
 8000484  8000484        0     1                 $t
 8000485  8000485        4     1                 Error_Handler
 8000489  8000489       20     1                 uart_putc
 80004a4  80004a4        0     1                 $d
 80004a8  80004a8       b8     4         output\stm32h5xx_hal_msp.o:(.text)
 80004a8  80004a8        0     1                 $t
 80004a9  80004a9        2     1                 HAL_MspInit
 80004ad  80004ad       88     1                 HAL_UART_MspInit
 8000528  8000528        0     1                 $d
 8000534  8000534        0     1                 $t
 8000535  8000535       2c     1                 HAL_UART_MspDeInit
 8000554  8000554        0     1                 $d
 8000560  8000560       14     4         output\stm32h5xx_it.o:(.text)
 8000560  8000560        0     1                 $t
 8000561  8000561        2     1                 NMI_Handler
 8000563  8000563        2     1                 HardFault_Handler
 8000565  8000565        2     1                 MemManage_Handler
 8000567  8000567        2     1                 BusFault_Handler
 8000569  8000569        2     1                 UsageFault_Handler
 800056b  800056b        2     1                 SVC_Handler
 800056d  800056d        2     1                 DebugMon_Handler
 800056f  800056f        2     1                 PendSV_Handler
 8000571  8000571        4     1                 SysTick_Handler
 8000574  8000574      194     4         output\system_stm32h5xx.o:(.text)
 8000574  8000574        0     1                 $t
 8000575  8000575       98     1                 SystemInit
 80005f4  80005f4        0     1                 $d
 800060c  800060c        0     1                 $t
 800060d  800060d       fc     1                 SystemCoreClockUpdate
 800061c  800061c        0     1                 $d
 8000620  8000620        0     1                 $t
 8000662  8000662        0     1                 $d
 8000666  8000666        0     1                 $t
 80006e0  80006e0        0     1                 $d
 8000708  8000708      508     4         output\stm32h5xx_hal.o:(.text)
 8000708  8000708        0     1                 $t
 8000709  8000709       44     1                 HAL_Init
 8000740  8000740        0     1                 $d
 800074c  800074c        0     1                 $t
 800074d  800074d       88     1                 HAL_InitTick
 80007c8  80007c8        0     1                 $d
 80007d4  80007d4        0     1                 $t
 80007d9  80007d9       58     1                 HAL_DeInit
 8000810  8000810        0     1                 $d
 8000830  8000830        0     1                 $t
 8000831  8000831        2     1                 HAL_MspDeInit
 8000835  8000835       18     1                 HAL_IncTick
 8000844  8000844        0     1                 $d
 800084c  800084c        0     1                 $t
 800084d  800084d        c     1                 HAL_GetTick
 8000854  8000854        0     1                 $d
 8000858  8000858        0     1                 $t
 8000859  8000859        c     1                 HAL_GetTickPrio
 8000860  8000860        0     1                 $d
 8000864  8000864        0     1                 $t
 8000865  8000865       20     1                 HAL_SetTickFreq
 8000880  8000880        0     1                 $d
 8000884  8000884        0     1                 $t
 8000885  8000885        c     1                 HAL_GetTickFreq
 800088c  800088c        0     1                 $d
 8000890  8000890        0     1                 $t
 8000891  8000891       24     1                 HAL_Delay
 80008b0  80008b0        0     1                 $d
 80008b4  80008b4        0     1                 $t
 80008b5  80008b5        8     1                 HAL_SuspendTick
 80008b8  80008b8        0     1                 $d
 80008bc  80008bc        0     1                 $t
 80008bd  80008bd        8     1                 HAL_ResumeTick
 80008c0  80008c0        0     1                 $d
 80008c4  80008c4        0     1                 $t
 80008c5  80008c5        8     1                 HAL_GetHalVersion
 80008c8  80008c8        0     1                 $d
 80008cc  80008cc        0     1                 $t
 80008cd  80008cd        c     1                 HAL_GetREVID
 80008d4  80008d4        0     1                 $d
 80008d8  80008d8        0     1                 $t
 80008d9  80008d9       10     1                 HAL_GetDEVID
 80008e4  80008e4        0     1                 $d
 80008e8  80008e8        0     1                 $t
 80008e9  80008e9        c     1                 HAL_GetUIDw0
 80008f0  80008f0        0     1                 $d
 80008f4  80008f4        0     1                 $t
 80008f5  80008f5        c     1                 HAL_GetUIDw1
 80008fc  80008fc        0     1                 $d
 8000900  8000900        0     1                 $t
 8000901  8000901        c     1                 HAL_GetUIDw2
 8000908  8000908        0     1                 $d
 800090c  800090c        0     1                 $t
 800090d  800090d        8     1                 HAL_DBGMCU_EnableDBGStopMode
 8000910  8000910        0     1                 $d
 8000914  8000914        0     1                 $t
 8000915  8000915        8     1                 HAL_DBGMCU_DisableDBGStopMode
 8000918  8000918        0     1                 $d
 800091c  800091c        0     1                 $t
 800091d  800091d        8     1                 HAL_DBGMCU_EnableDBGStandbyMode
 8000920  8000920        0     1                 $d
 8000924  8000924        0     1                 $t
 8000925  8000925        8     1                 HAL_DBGMCU_DisableDBGStandbyMode
 8000928  8000928        0     1                 $d
 800092c  800092c        0     1                 $t
 800092d  800092d       10     1                 HAL_VREFBUF_VoltageScalingConfig
 8000938  8000938        0     1                 $d
 800093c  800093c        0     1                 $t
 800093d  800093d       10     1                 HAL_VREFBUF_HighImpedanceConfig
 8000948  8000948        0     1                 $d
 800094c  800094c        0     1                 $t
 800094d  800094d       10     1                 HAL_VREFBUF_TrimmingConfig
 8000958  8000958        0     1                 $d
 800095c  800095c        0     1                 $t
 800095d  800095d       30     1                 HAL_EnableVREFBUF
 8000988  8000988        0     1                 $d
 800098c  800098c        0     1                 $t
 800098d  800098d        8     1                 HAL_DisableVREFBUF
 8000990  8000990        0     1                 $d
 8000994  8000994        0     1                 $t
 8000995  8000995       10     1                 HAL_SBS_ETHInterfaceSelect
 80009a0  80009a0        0     1                 $d
 80009a4  80009a4        0     1                 $t
 80009a5  80009a5        8     1                 HAL_SBS_EnableVddIO1CompensationCell
 80009a8  80009a8        0     1                 $d
 80009ac  80009ac        0     1                 $t
 80009ad  80009ad        8     1                 HAL_SBS_DisableVddIO1CompensationCell
 80009b0  80009b0        0     1                 $d
 80009b4  80009b4        0     1                 $t
 80009b5  80009b5        8     1                 HAL_SBS_EnableVddIO2CompensationCell
 80009b8  80009b8        0     1                 $d
 80009bc  80009bc        0     1                 $t
 80009bd  80009bd        8     1                 HAL_SBS_DisableVddIO2CompensationCell
 80009c0  80009c0        0     1                 $d
 80009c4  80009c4        0     1                 $t
 80009c5  80009c5       10     1                 HAL_SBS_VDDCompensationCodeSelect
 80009d0  80009d0        0     1                 $d
 80009d4  80009d4        0     1                 $t
 80009d5  80009d5       10     1                 HAL_SBS_VDDIOCompensationCodeSelect
 80009e0  80009e0        0     1                 $d
 80009e4  80009e4        0     1                 $t
 80009e5  80009e5       10     1                 HAL_SBS_GetVddIO1CompensationCellReadyFlag
 80009f0  80009f0        0     1                 $d
 80009f4  80009f4        0     1                 $t
 80009f5  80009f5       10     1                 HAL_SBS_GetVddIO2CompensationCellReadyFlag
 8000a00  8000a00        0     1                 $d
 8000a04  8000a04        0     1                 $t
 8000a05  8000a05       14     1                 HAL_SBS_VDDCompensationCodeConfig
 8000a14  8000a14        0     1                 $d
 8000a18  8000a18        0     1                 $t
 8000a19  8000a19       14     1                 HAL_SBS_VDDIOCompensationCodeConfig
 8000a28  8000a28        0     1                 $d
 8000a2c  8000a2c        0     1                 $t
 8000a2d  8000a2d       10     1                 HAL_SBS_GetNMOSVddCompensationValue
 8000a38  8000a38        0     1                 $d
 8000a3c  8000a3c        0     1                 $t
 8000a3d  8000a3d       10     1                 HAL_SBS_GetPMOSVddCompensationValue
 8000a48  8000a48        0     1                 $d
 8000a4c  8000a4c        0     1                 $t
 8000a4d  8000a4d       10     1                 HAL_SBS_GetNMOSVddIO2CompensationValue
 8000a58  8000a58        0     1                 $d
 8000a5c  8000a5c        0     1                 $t
 8000a5d  8000a5d       10     1                 HAL_SBS_GetPMOSVddIO2CompensationValue
 8000a68  8000a68        0     1                 $d
 8000a6c  8000a6c        0     1                 $t
 8000a6d  8000a6d        8     1                 HAL_SBS_FLASH_DisableECCNMI
 8000a70  8000a70        0     1                 $d
 8000a74  8000a74        0     1                 $t
 8000a75  8000a75        8     1                 HAL_SBS_FLASH_EnableECCNMI
 8000a78  8000a78        0     1                 $d
 8000a7c  8000a7c        0     1                 $t
 8000a7d  8000a7d       10     1                 HAL_SBS_FLASH_ECCNMI_IsDisabled
 8000a88  8000a88        0     1                 $d
 8000a8c  8000a8c        0     1                 $t
 8000a8d  8000a8d        c     1                 HAL_SBS_IncrementHDPLValue
 8000a94  8000a94        0     1                 $d
 8000a98  8000a98        0     1                 $t
 8000a99  8000a99        c     1                 HAL_SBS_GetHDPLValue
 8000aa0  8000aa0        0     1                 $d
 8000aa4  8000aa4        0     1                 $t
 8000aa5  8000aa5       10     1                 HAL_SBS_EPOCHSelection
 8000ab0  8000ab0        0     1                 $d
 8000ab4  8000ab4        0     1                 $t
 8000ab5  8000ab5       10     1                 HAL_SBS_GetEPOCHSelection
 8000ac0  8000ac0        0     1                 $d
 8000ac4  8000ac4        0     1                 $t
 8000ac5  8000ac5       10     1                 HAL_SBS_SetOBKHDPL
 8000ad0  8000ad0        0     1                 $d
 8000ad4  8000ad4        0     1                 $t
 8000ad5  8000ad5       10     1                 HAL_SBS_GetOBKHDPL
 8000ae0  8000ae0        0     1                 $d
 8000ae4  8000ae4        0     1                 $t
 8000ae5  8000ae5        c     1                 HAL_SBS_OpenAccessPort
 8000aec  8000aec        0     1                 $d
 8000af0  8000af0        0     1                 $t
 8000af1  8000af1       14     1                 HAL_SBS_OpenDebug
 8000b00  8000b00        0     1                 $d
 8000b04  8000b04        0     1                 $t
 8000b05  8000b05       20     1                 HAL_SBS_ConfigDebugLevel
 8000b20  8000b20        0     1                 $d
 8000b24  8000b24        0     1                 $t
 8000b25  8000b25       10     1                 HAL_SBS_GetDebugLevel
 8000b30  8000b30        0     1                 $d
 8000b34  8000b34        0     1                 $t
 8000b35  8000b35        c     1                 HAL_SBS_LockDebugConfig
 8000b3c  8000b3c        0     1                 $d
 8000b40  8000b40        0     1                 $t
 8000b41  8000b41       14     1                 HAL_SBS_ConfigDebugSecurity
 8000b50  8000b50        0     1                 $d
 8000b54  8000b54        0     1                 $t
 8000b55  8000b55        c     1                 HAL_SBS_GetDebugSecurity
 8000b5c  8000b5c        0     1                 $d
 8000b60  8000b60        0     1                 $t
 8000b61  8000b61       10     1                 HAL_SBS_Lock
 8000b6c  8000b6c        0     1                 $d
 8000b70  8000b70        0     1                 $t
 8000b71  8000b71       1c     1                 HAL_SBS_GetLock
 8000b88  8000b88        0     1                 $d
 8000b8c  8000b8c        0     1                 $t
 8000b8d  8000b8d       1c     1                 HAL_SBS_ConfigAttributes
 8000ba4  8000ba4        0     1                 $d
 8000ba8  8000ba8        0     1                 $t
 8000ba9  8000ba9       1c     1                 HAL_SBS_GetConfigAttributes
 8000bc0  8000bc0        0     1                 $d
 8000bc4  8000bc4        0     1                 $t
 8000bc5  8000bc5        a     1                 OUTLINED_FUNCTION_0
 8000bcf  8000bcf        a     1                 OUTLINED_FUNCTION_1
 8000bd9  8000bd9        6     1                 OUTLINED_FUNCTION_2
 8000bdf  8000bdf        a     1                 OUTLINED_FUNCTION_3
 8000be9  8000be9        a     1                 OUTLINED_FUNCTION_4
 8000bf3  8000bf3        a     1                 OUTLINED_FUNCTION_5
 8000bfd  8000bfd        a     1                 OUTLINED_FUNCTION_6
 8000c07  8000c07        a     1                 OUTLINED_FUNCTION_7
 8000c10  8000c10      3b4     4         output\stm32h5xx_hal_cortex.o:(.text)
 8000c10  8000c10        0     1                 $t
 8000c11  8000c11       20     1                 HAL_NVIC_SetPriorityGrouping
 8000c28  8000c28        0     1                 $d
 8000c30  8000c30        0     1                 $t
 8000c31  8000c31       50     1                 HAL_NVIC_SetPriority
 8000c78  8000c78        0     1                 $d
 8000c80  8000c80        0     1                 $t
 8000c81  8000c81       1c     1                 HAL_NVIC_EnableIRQ
 8000c98  8000c98        0     1                 $d
 8000c9c  8000c9c        0     1                 $t
 8000c9d  8000c9d       24     1                 HAL_NVIC_DisableIRQ
 8000cbc  8000cbc        0     1                 $d
 8000cc0  8000cc0        0     1                 $t
 8000cc1  8000cc1        4     1                 HAL_NVIC_SystemReset
 8000cc5  8000cc5       24     1                 __NVIC_SystemReset
 8000ce0  8000ce0        0     1                 $d
 8000ce8  8000ce8        0     1                 $t
 8000ce9  8000ce9       10     1                 HAL_NVIC_GetPriorityGrouping
 8000cf4  8000cf4        0     1                 $d
 8000cf8  8000cf8        0     1                 $t
 8000cf9  8000cf9       50     1                 HAL_NVIC_GetPriority
 8000d40  8000d40        0     1                 $d
 8000d48  8000d48        0     1                 $t
 8000d49  8000d49       1c     1                 HAL_NVIC_SetPendingIRQ
 8000d60  8000d60        0     1                 $d
 8000d64  8000d64        0     1                 $t
 8000d65  8000d65       10     1                 HAL_NVIC_GetPendingIRQ
 8000d70  8000d70        0     1                 $d
 8000d74  8000d74        0     1                 $t
 8000d75  8000d75       1c     1                 HAL_NVIC_ClearPendingIRQ
 8000d8c  8000d8c        0     1                 $d
 8000d90  8000d90        0     1                 $t
 8000d91  8000d91       10     1                 HAL_NVIC_GetActive
 8000d9c  8000d9c        0     1                 $d
 8000da0  8000da0        0     1                 $t
 8000da1  8000da1       24     1                 HAL_SYSTICK_Config
 8000dc0  8000dc0        0     1                 $d
 8000dc4  8000dc4        0     1                 $t
 8000dc5  8000dc5       54     1                 HAL_SYSTICK_CLKSourceConfig
 8000dcc  8000dcc        0     1                 $d
 8000dd2  8000dd2        0     1                 $t
 8000e10  8000e10        0     1                 $d
 8000e18  8000e18        0     1                 $t
 8000e19  8000e19       28     1                 HAL_SYSTICK_GetCLKSourceConfig
 8000e34  8000e34        0     1                 $d
 8000e40  8000e40        0     1                 $t
 8000e41  8000e41        4     1                 HAL_SYSTICK_IRQHandler
 8000e45  8000e45        2     1                 HAL_SYSTICK_Callback
 8000e49  8000e49       24     1                 HAL_MPU_Enable
 8000e68  8000e68        0     1                 $d
 8000e6c  8000e6c        0     1                 $t
 8000e6d  8000e6d       24     1                 HAL_MPU_Enable_NS
 8000e8c  8000e8c        0     1                 $d
 8000e90  8000e90        0     1                 $t
 8000e91  8000e91       24     1                 HAL_MPU_Disable
 8000eb0  8000eb0        0     1                 $d
 8000eb4  8000eb4        0     1                 $t
 8000eb5  8000eb5       24     1                 HAL_MPU_Disable_NS
 8000ed4  8000ed4        0     1                 $d
 8000ed8  8000ed8        0     1                 $t
 8000ed9  8000ed9        8     1                 HAL_MPU_EnableRegion
 8000edc  8000edc        0     1                 $d
 8000ee0  8000ee0        0     1                 $t
 8000ee1  8000ee1        8     1                 HAL_MPU_EnableRegion_NS
 8000ee4  8000ee4        0     1                 $d
 8000ee8  8000ee8        0     1                 $t
 8000ee9  8000ee9        8     1                 HAL_MPU_DisableRegion
 8000eec  8000eec        0     1                 $d
 8000ef0  8000ef0        0     1                 $t
 8000ef1  8000ef1        8     1                 HAL_MPU_DisableRegion_NS
 8000ef4  8000ef4        0     1                 $d
 8000ef8  8000ef8        0     1                 $t
 8000ef9  8000ef9        c     1                 HAL_MPU_ConfigRegion
 8000f00  8000f00        0     1                 $d
 8000f04  8000f04        0     1                 $t
 8000f05  8000f05       3e     1                 MPU_ConfigRegion
 8000f45  8000f45        c     1                 HAL_MPU_ConfigRegion_NS
 8000f4c  8000f4c        0     1                 $d
 8000f50  8000f50        0     1                 $t
 8000f51  8000f51        c     1                 HAL_MPU_ConfigMemoryAttributes
 8000f58  8000f58        0     1                 $d
 8000f5c  8000f5c        0     1                 $t
 8000f5d  8000f5d       30     1                 MPU_ConfigMemoryAttributes
 8000f8d  8000f8d        c     1                 HAL_MPU_ConfigMemoryAttributes_NS
 8000f94  8000f94        0     1                 $d
 8000f98  8000f98        0     1                 $t
 8000f99  8000f99       14     1                 OUTLINED_FUNCTION_0
 8000fad  8000fad        c     1                 OUTLINED_FUNCTION_1
 8000fb9  8000fb9        c     1                 OUTLINED_FUNCTION_2
 8000fc4  8000fc4      964     4         output\stm32h5xx_hal_dma.o:(.text)
 8000fc4  8000fc4        0     1                 $t
 8000fc5  8000fc5      308     1                 HAL_DMA_Init
 8001248  8001248        0     1                 $d
 80012cc  80012cc        0     1                 $t
 80012cd  80012cd       e4     1                 HAL_DMA_DeInit
 8001390  8001390        0     1                 $d
 80013b0  80013b0        0     1                 $t
 80013b1  80013b1       4c     1                 HAL_DMA_Start
 80013fd  80013fd       6c     1                 HAL_DMA_Start_IT
 8001469  8001469       88     1                 HAL_DMA_Abort
 80014f1  80014f1       24     1                 HAL_DMA_Abort_IT
 8001515  8001515      10e     1                 HAL_DMA_PollForTransfer
 8001623  8001623      172     1                 HAL_DMA_IRQHandler
 8001795  8001795       20     1                 HAL_DMA_RegisterCallback
 80017b5  80017b5       4a     1                 HAL_DMA_UnRegisterCallback
 80017c8  80017c8        0     1                 $d
 80017ce  80017ce        0     1                 $t
 80017ff  80017ff        4     1                 HAL_DMA_GetState
 8001803  8001803        4     1                 HAL_DMA_GetError
 8001807  8001807       7a     1                 HAL_DMA_ConfigChannelAttributes
 8001881  8001881       5a     1                 HAL_DMA_GetConfigChannelAttributes
 80018db  80018db       22     1                 HAL_DMA_LockChannelAttributes
 80018fd  80018fd       26     1                 HAL_DMA_GetLockChannelAttributes
 8001923  8001923        6     1                 OUTLINED_FUNCTION_0
 8001928  8001928     18c2     4         output\stm32h5xx_hal_dma_ex.o:(.text)
 8001928  8001928        0     1                 $t
 8001929  8001929      1e8     1                 HAL_DMAEx_List_Init
 8001a90  8001a90        0     1                 $d
 8001b10  8001b10        0     1                 $t
 8001b11  8001b11       f0     1                 HAL_DMAEx_List_DeInit
 8001be0  8001be0        0     1                 $d
 8001c00  8001c00        0     1                 $t
 8001c01  8001c01       78     1                 HAL_DMAEx_List_Start
 8001c74  8001c74        0     1                 $d
 8001c78  8001c78        0     1                 $t
 8001c79  8001c79       9c     1                 HAL_DMAEx_List_Start_IT
 8001d10  8001d10        0     1                 $d
 8001d14  8001d14        0     1                 $t
 8001d15  8001d15      174     1                 HAL_DMAEx_List_BuildNode
 8001e84  8001e84        0     1                 $d
 8001e88  8001e88        0     1                 $t
 8001e89  8001e89      148     1                 HAL_DMAEx_List_GetNodeConfig
 8001fcc  8001fcc        0     1                 $d
 8001fd0  8001fd0        0     1                 $t
 8001fd1  8001fd1       d8     1                 HAL_DMAEx_List_InsertNode
 80020a4  80020a4        0     1                 $d
 80020a8  80020a8        0     1                 $t
 80020a9  80020a9       2e     1                 DMA_List_CheckNodesTypes
 80020d7  80020d7       a8     1                 DMA_List_FindNode
 8002181  8002181       80     1                 HAL_DMAEx_List_InsertNode_Head
 80021fc  80021fc        0     1                 $d
 8002200  8002200        0     1                 $t
 8002201  8002201       a4     1                 HAL_DMAEx_List_InsertNode_Tail
 80022a0  80022a0        0     1                 $d
 80022a4  80022a4        0     1                 $t
 80022a5  80022a5       d8     1                 HAL_DMAEx_List_RemoveNode
 800237d  800237d       90     1                 HAL_DMAEx_List_RemoveNode_Head
 800240d  800240d       70     1                 HAL_DMAEx_List_RemoveNode_Tail
 800247d  800247d       f4     1                 HAL_DMAEx_List_ReplaceNode
 800256c  800256c        0     1                 $d
 8002570  8002570        0     1                 $t
 8002571  8002571       a0     1                 HAL_DMAEx_List_ReplaceNode_Head
 800260c  800260c        0     1                 $d
 8002610  8002610        0     1                 $t
 8002611  8002611       98     1                 HAL_DMAEx_List_ReplaceNode_Tail
 80026a4  80026a4        0     1                 $d
 80026a8  80026a8        0     1                 $t
 80026a9  80026a9       78     1                 HAL_DMAEx_List_ResetQ
 8002721  8002721      158     1                 HAL_DMAEx_List_InsertQ
 8002874  8002874        0     1                 $d
 8002878  8002878        0     1                 $t
 8002879  8002879       c4     1                 HAL_DMAEx_List_InsertQ_Head
 8002938  8002938        0     1                 $d
 800293c  800293c        0     1                 $t
 800293d  800293d       cc     1                 HAL_DMAEx_List_InsertQ_Tail
 8002a04  8002a04        0     1                 $d
 8002a08  8002a08        0     1                 $t
 8002a09  8002a09       84     1                 HAL_DMAEx_List_SetCircularModeConfig
 8002a88  8002a88        0     1                 $d
 8002a8c  8002a8c        0     1                 $t
 8002a8d  8002a8d       6c     1                 HAL_DMAEx_List_SetCircularMode
 8002af4  8002af4        0     1                 $d
 8002af8  8002af8        0     1                 $t
 8002af9  8002af9       54     1                 HAL_DMAEx_List_ClearCircularMode
 8002b4d  8002b4d      168     1                 HAL_DMAEx_List_ConvertQToDynamic
 8002cb0  8002cb0        0     1                 $d
 8002cb4  8002cb4        0     1                 $t
 8002cb5  8002cb5       18     1                 DMA_List_FillNode
 8002ccd  8002ccd       8c     1                 DMA_List_UpdateDynamicQueueNodesCLLR
 8002d54  8002d54        0     1                 $d
 8002d58  8002d58        0     1                 $t
 8002d59  8002d59       e8     1                 HAL_DMAEx_List_ConvertQToStatic
 8002e3c  8002e3c        0     1                 $d
 8002e40  8002e40        0     1                 $t
 8002e41  8002e41       68     1                 DMA_List_UpdateStaticQueueNodesCLLR
 8002ea4  8002ea4        0     1                 $d
 8002ea8  8002ea8        0     1                 $t
 8002ea9  8002ea9       a4     1                 HAL_DMAEx_List_LinkQ
 8002f2c  8002f2c        0     1                 $d
 8002f4c  8002f4c        0     1                 $t
 8002f4d  8002f4d       22     1                 HAL_DMAEx_List_UnLinkQ
 8002f71  8002f71       30     1                 HAL_DMAEx_ConfigDataHandling
 8002f9c  8002f9c        0     1                 $d
 8002fa0  8002fa0        0     1                 $t
 8002fa1  8002fa1       34     1                 HAL_DMAEx_ConfigTrigger
 8002fd0  8002fd0        0     1                 $d
 8002fd4  8002fd4        0     1                 $t
 8002fd5  8002fd5       84     1                 HAL_DMAEx_ConfigRepeatBlock
 8003054  8003054        0     1                 $d
 8003058  8003058        0     1                 $t
 8003059  8003059       54     1                 HAL_DMAEx_Suspend
 80030ad  80030ad       24     1                 HAL_DMAEx_Suspend_IT
 80030d1  80030d1       2e     1                 HAL_DMAEx_Resume
 80030ff  80030ff        a     1                 HAL_DMAEx_GetFifoLevel
 8003109  8003109       30     1                 DMA_List_FormatNode
 8003139  8003139       16     1                 OUTLINED_FUNCTION_0
 800314f  800314f        8     1                 OUTLINED_FUNCTION_1
 8003157  8003157        8     1                 OUTLINED_FUNCTION_2
 800315f  800315f       14     1                 OUTLINED_FUNCTION_3
 8003173  8003173       14     1                 OUTLINED_FUNCTION_4
 8003187  8003187       12     1                 OUTLINED_FUNCTION_5
 8003199  8003199        8     1                 OUTLINED_FUNCTION_6
 80031a1  80031a1        6     1                 OUTLINED_FUNCTION_7
 80031a7  80031a7        8     1                 OUTLINED_FUNCTION_8
 80031af  80031af        8     1                 OUTLINED_FUNCTION_9
 80031b7  80031b7        8     1                 OUTLINED_FUNCTION_10
 80031bf  80031bf        a     1                 OUTLINED_FUNCTION_11
 80031c9  80031c9        6     1                 OUTLINED_FUNCTION_12
 80031cf  80031cf        e     1                 OUTLINED_FUNCTION_13
 80031dd  80031dd        e     1                 OUTLINED_FUNCTION_14
 80031ec  80031ec       ec     4         D:\LLVM\arm-none-eabi\lib\libc.a(memcpy.S.o):(.text)
 80031ec  80031ec        0     1                 .L0 
 80031ec  80031ec        0     1                 $t
 80031ed  80031ed       ec     1                 memcpy
 80031ed  80031ed       ec     1                 __aeabi_memcpy
 80031ed  80031ed       ec     1                 __aeabi_memcpy4
 80031ed  80031ed       ec     1                 __aeabi_memcpy8
 80032d8  80032d8      322     4         output\stm32h5xx_hal_gpio.o:(.text)
 80032d8  80032d8        0     1                 $t
 80032d9  80032d9      14c     1                 HAL_GPIO_Init
 800341c  800341c        0     1                 $d
 8003424  8003424        0     1                 $t
 8003425  8003425       ec     1                 HAL_GPIO_DeInit
 8003508  8003508        0     1                 $d
 8003510  8003510        0     1                 $t
 8003511  8003511        a     1                 HAL_GPIO_ReadPin
 800351b  800351b        c     1                 HAL_GPIO_WritePin
 8003527  8003527        8     1                 HAL_GPIO_WriteMultipleStatePin
 800352f  800352f       10     1                 HAL_GPIO_TogglePin
 800353f  800353f       28     1                 HAL_GPIO_LockPin
 8003567  8003567        8     1                 HAL_GPIO_EnableHighSPeedLowVoltage
 800356f  800356f        a     1                 HAL_GPIO_DisableHighSPeedLowVoltage
 8003579  8003579       2c     1                 HAL_GPIO_EXTI_IRQHandler
 80035a0  80035a0        0     1                 $d
 80035a4  80035a4        0     1                 $t
 80035a5  80035a5        2     1                 HAL_GPIO_EXTI_Rising_Callback
 80035a7  80035a7        2     1                 HAL_GPIO_EXTI_Falling_Callback
 80035a9  80035a9       2c     1                 HAL_GPIO_ConfigPinAttributes
 80035d5  80035d5       26     1                 HAL_GPIO_GetConfigPinAttributes
 80035fc  80035fc      232     4         output\stm32h5xx_hal_icache.o:(.text)
 80035fc  80035fc        0     1                 $t
 80035fd  80035fd       1c     1                 HAL_ICACHE_ConfigAssociativityMode
 8003614  8003614        0     1                 $d
 8003618  8003618        0     1                 $t
 8003619  8003619       44     1                 HAL_ICACHE_DeInit
 8003658  8003658        0     1                 $d
 800365c  800365c        0     1                 $t
 800365d  800365d       14     1                 HAL_ICACHE_Enable
 800366c  800366c        0     1                 $d
 8003670  8003670        0     1                 $t
 8003671  8003671       38     1                 HAL_ICACHE_Disable
 80036a4  80036a4        0     1                 $d
 80036a8  80036a8        0     1                 $t
 80036a9  80036a9       10     1                 HAL_ICACHE_IsEnabled
 80036b4  80036b4        0     1                 $d
 80036b8  80036b8        0     1                 $t
 80036b9  80036b9       18     1                 HAL_ICACHE_Invalidate
 80036cc  80036cc        0     1                 $d
 80036d0  80036d0        0     1                 $t
 80036d1  80036d1       38     1                 HAL_ICACHE_WaitForInvalidateComplete
 8003704  8003704        0     1                 $d
 8003708  8003708        0     1                 $t
 8003709  8003709       28     1                 HAL_ICACHE_Invalidate_IT
 800372c  800372c        0     1                 $d
 8003730  8003730        0     1                 $t
 8003731  8003731        c     1                 HAL_ICACHE_Monitor_Start
 8003738  8003738        0     1                 $d
 800373c  800373c        0     1                 $t
 800373d  800373d       10     1                 HAL_ICACHE_Monitor_Stop
 8003748  8003748        0     1                 $d
 800374c  800374c        0     1                 $t
 800374d  800374d       18     1                 HAL_ICACHE_Monitor_Reset
 8003760  8003760        0     1                 $d
 8003764  8003764        0     1                 $t
 8003765  8003765        c     1                 HAL_ICACHE_Monitor_GetHitValue
 800376c  800376c        0     1                 $d
 8003770  8003770        0     1                 $t
 8003771  8003771        c     1                 HAL_ICACHE_Monitor_GetMissValue
 8003778  8003778        0     1                 $d
 800377c  800377c        0     1                 $t
 800377d  800377d       40     1                 HAL_ICACHE_IRQHandler
 80037b8  80037b8        0     1                 $d
 80037bc  80037bc        0     1                 $t
 80037bd  80037bd        2     1                 HAL_ICACHE_ErrorCallback
 80037bf  80037bf        2     1                 HAL_ICACHE_InvalidateCompleteCallback
 80037c1  80037c1       48     1                 HAL_ICACHE_EnableRemapRegion
 8003804  8003804        0     1                 $d
 8003808  8003808        0     1                 $t
 8003809  8003809       20     1                 HAL_ICACHE_DisableRemapRegion
 8003824  8003824        0     1                 $d
 8003828  8003828        0     1                 $t
 8003829  8003829        6     1                 OUTLINED_FUNCTION_0
 8003830  8003830      240     4         output\stm32h5xx_hal_pwr.o:(.text)
 8003830  8003830        0     1                 $t
 8003831  8003831        2     1                 HAL_PWR_DeInit
 8003835  8003835        8     1                 HAL_PWR_EnableBkUpAccess
 8003838  8003838        0     1                 $d
 800383c  800383c        0     1                 $t
 800383d  800383d        8     1                 HAL_PWR_DisableBkUpAccess
 8003840  8003840        0     1                 $d
 8003844  8003844        0     1                 $t
 8003845  8003845       80     1                 HAL_PWR_ConfigPVD
 80038bc  80038bc        0     1                 $d
 80038c4  80038c4        0     1                 $t
 80038c5  80038c5        8     1                 HAL_PWR_EnablePVD
 80038c8  80038c8        0     1                 $d
 80038cc  80038cc        0     1                 $t
 80038cd  80038cd        8     1                 HAL_PWR_DisablePVD
 80038d0  80038d0        0     1                 $d
 80038d4  80038d4        0     1                 $t
 80038d5  80038d5       18     1                 HAL_PWR_EnableWakeUpPin
 80038e4  80038e4        0     1                 $d
 80038ec  80038ec        0     1                 $t
 80038ed  80038ed       18     1                 HAL_PWR_DisableWakeUpPin
 8003900  8003900        0     1                 $d
 8003904  8003904        0     1                 $t
 8003905  8003905       20     1                 HAL_PWR_EnterSLEEPMode
 8003920  8003920        0     1                 $d
 8003924  8003924        0     1                 $t
 8003925  8003925       34     1                 HAL_PWR_EnterSTOPMode
 8003950  8003950        0     1                 $d
 8003958  8003958        0     1                 $t
 8003959  8003959       28     1                 HAL_PWR_EnterSTANDBYMode
 8003978  8003978        0     1                 $d
 8003980  8003980        0     1                 $t
 8003981  8003981       10     1                 HAL_PWR_EnableSleepOnExit
 800398c  800398c        0     1                 $d
 8003990  8003990        0     1                 $t
 8003991  8003991       10     1                 HAL_PWR_DisableSleepOnExit
 800399c  800399c        0     1                 $d
 80039a0  80039a0        0     1                 $t
 80039a1  80039a1       10     1                 HAL_PWR_EnableSEVOnPend
 80039ac  80039ac        0     1                 $d
 80039b0  80039b0        0     1                 $t
 80039b1  80039b1       10     1                 HAL_PWR_DisableSEVOnPend
 80039bc  80039bc        0     1                 $d
 80039c0  80039c0        0     1                 $t
 80039c1  80039c1       20     1                 HAL_PWR_PVD_IRQHandler
 80039dc  80039dc        0     1                 $d
 80039e0  80039e0        0     1                 $t
 80039e1  80039e1        2     1                 HAL_PWR_PVDCallback
 80039e5  80039e5       44     1                 HAL_PWR_ConfigAttributes
 8003a24  8003a24        0     1                 $d
 8003a28  8003a28        0     1                 $t
 8003a29  8003a29       34     1                 HAL_PWR_GetConfigAttributes
 8003a58  8003a58        0     1                 $d
 8003a5c  8003a5c        0     1                 $t
 8003a5d  8003a5d        a     1                 OUTLINED_FUNCTION_0
 8003a67  8003a67        a     1                 OUTLINED_FUNCTION_1
 8003a70  8003a70      cf4     4         output\stm32h5xx_hal_rcc.o:(.text)
 8003a70  8003a70        0     1                 $t
 8003a71  8003a71      184     1                 HAL_RCC_DeInit
 8003bd8  8003bd8        0     1                 $d
 8003bf4  8003bf4        0     1                 $t
 8003bf5  8003bf5      53c     1                 HAL_RCC_OscConfig
 8003f7c  8003f7c        0     1                 $d
 8003f84  8003f84        0     1                 $t
 8004124  8004124        0     1                 $d
 8004130  8004130        0     1                 $t
 8004131  8004131       2c     1                 HAL_RCC_GetHCLKFreq
 8004150  8004150        0     1                 $d
 800415c  800415c        0     1                 $t
 800415d  800415d      218     1                 HAL_RCC_ClockConfig
 8004360  8004360        0     1                 $d
 8004374  8004374        0     1                 $t
 8004375  8004375      10c     1                 HAL_RCC_GetSysClockFreq
 8004460  8004460        0     1                 $d
 8004480  8004480        0     1                 $t
 8004481  8004481       94     1                 HAL_RCC_MCOConfig
 800450c  800450c        0     1                 $d
 8004514  8004514        0     1                 $t
 8004515  8004515       1c     1                 HAL_RCC_GetPCLK1Freq
 8004528  8004528        0     1                 $d
 8004530  8004530        0     1                 $t
 8004531  8004531       1c     1                 HAL_RCC_GetPCLK2Freq
 8004544  8004544        0     1                 $d
 800454c  800454c        0     1                 $t
 800454d  800454d       1c     1                 HAL_RCC_GetPCLK3Freq
 8004560  8004560        0     1                 $d
 8004568  8004568        0     1                 $t
 8004569  8004569       a0     1                 HAL_RCC_GetOscConfig
 8004604  8004604        0     1                 $d
 8004608  8004608        0     1                 $t
 8004609  8004609       40     1                 HAL_RCC_GetClockConfig
 8004640  8004640        0     1                 $d
 8004648  8004648        0     1                 $t
 8004649  8004649       18     1                 HAL_RCC_GetResetSource
 800465c  800465c        0     1                 $d
 8004660  8004660        0     1                 $t
 8004661  8004661       10     1                 HAL_RCC_EnableCSS
 800466c  800466c        0     1                 $d
 8004670  8004670        0     1                 $t
 8004671  8004671       18     1                 HAL_RCC_NMI_IRQHandler
 8004684  8004684        0     1                 $d
 8004688  8004688        0     1                 $t
 8004689  8004689        2     1                 HAL_RCC_CSSCallback
 800468d  800468d       54     1                 HAL_RCC_ConfigAttributes
 80046dc  80046dc        0     1                 $d
 80046e0  80046e0        0     1                 $t
 80046e1  80046e1       34     1                 HAL_RCC_GetConfigAttributes
 8004710  8004710        0     1                 $d
 8004714  8004714        0     1                 $t
 8004715  8004715        a     1                 OUTLINED_FUNCTION_0
 800471f  800471f        6     1                 OUTLINED_FUNCTION_1
 8004725  8004725        8     1                 OUTLINED_FUNCTION_2
 800472d  800472d       12     1                 OUTLINED_FUNCTION_3
 800473f  800473f        e     1                 OUTLINED_FUNCTION_4
 800474d  800474d        e     1                 OUTLINED_FUNCTION_5
 800475b  800475b        a     1                 OUTLINED_FUNCTION_6
 8004764  8004764     2444     4         output\stm32h5xx_hal_rcc_ex.o:(.text)
 8004764  8004764        0     1                 $t
 8004765  8004765      c00     1                 HAL_RCCEx_PeriphCLKConfig
 8004794  8004794        0     1                 $d
 80047a0  80047a0        0     1                 $t
 80047ca  80047ca        0     1                 $d
 80047d0  80047d0        0     1                 $t
 800480e  800480e        0     1                 $d
 8004814  8004814        0     1                 $t
 800484a  800484a        0     1                 $d
 8004850  8004850        0     1                 $t
 8004886  8004886        0     1                 $d
 800488c  800488c        0     1                 $t
 80048c2  80048c2        0     1                 $d
 80048c8  80048c8        0     1                 $t
 80048fe  80048fe        0     1                 $d
 8004904  8004904        0     1                 $t
 800493a  800493a        0     1                 $d
 8004940  8004940        0     1                 $t
 8004976  8004976        0     1                 $d
 800497c  800497c        0     1                 $t
 80049b4  80049b4        0     1                 $d
 80049ba  80049ba        0     1                 $t
 80049f0  80049f0        0     1                 $d
 80049f6  80049f6        0     1                 $t
 80049fc  80049fc        0     1                 $d
 8004a00  8004a00        0     1                 $t
 8004a34  8004a34        0     1                 $d
 8004a3a  8004a3a        0     1                 $t
 8004a74  8004a74        0     1                 $d
 8004a7a  8004a7a        0     1                 $t
 8004c02  8004c02        0     1                 $d
 8004c08  8004c08        0     1                 $t
 8004c62  8004c62        0     1                 $d
 8004c68  8004c68        0     1                 $t
 8004ca2  8004ca2        0     1                 $d
 8004ca8  8004ca8        0     1                 $t
 8004ce2  8004ce2        0     1                 $d
 8004ce8  8004ce8        0     1                 $t
 8004d22  8004d22        0     1                 $d
 8004d28  8004d28        0     1                 $t
 8004d62  8004d62        0     1                 $d
 8004d68  8004d68        0     1                 $t
 8004da2  8004da2        0     1                 $d
 8004da8  8004da8        0     1                 $t
 8004dea  8004dea        0     1                 $d
 8004df0  8004df0        0     1                 $t
 8004e84  8004e84        0     1                 $d
 8004e88  8004e88        0     1                 $t
 8004f82  8004f82        0     1                 $d
 8004f88  8004f88        0     1                 $t
 8005048  8005048        0     1                 $d
 800504e  800504e        0     1                 $t
 800508c  800508c        0     1                 $d
 8005092  8005092        0     1                 $t
 80050d2  80050d2        0     1                 $d
 80050d8  80050d8        0     1                 $t
 8005138  8005138        0     1                 $d
 800513e  800513e        0     1                 $t
 800517c  800517c        0     1                 $d
 800518c  800518c        0     1                 $t
 80051c0  80051c0        0     1                 $d
 80051c4  80051c4        0     1                 $t
 8005365  8005365       68     1                 RCCEx_PLL2_Config
 80053c8  80053c8        0     1                 $d
 80053cc  80053cc        0     1                 $t
 80053cd  80053cd       68     1                 RCCEx_PLL3_Config
 8005430  8005430        0     1                 $d
 8005434  8005434        0     1                 $t
 8005435  8005435      2a0     1                 HAL_RCCEx_GetPeriphCLKConfig
 80056d0  80056d0        0     1                 $d
 80056d4  80056d4        0     1                 $t
 80056d5  80056d5       d0     1                 HAL_RCCEx_GetPLL1ClockFreq
 80056f4  80056f4        0     1                 $d
 80056f8  80056f8        0     1                 $t
 8005790  8005790        0     1                 $d
 80057a4  80057a4        0     1                 $t
 80057a5  80057a5       d0     1                 HAL_RCCEx_GetPLL2ClockFreq
 80057c4  80057c4        0     1                 $d
 80057c8  80057c8        0     1                 $t
 8005860  8005860        0     1                 $d
 8005874  8005874        0     1                 $t
 8005875  8005875       d0     1                 HAL_RCCEx_GetPLL3ClockFreq
 8005894  8005894        0     1                 $d
 8005898  8005898        0     1                 $t
 8005930  8005930        0     1                 $d
 8005944  8005944        0     1                 $t
 8005945  8005945      c4c     1                 HAL_RCCEx_GetPeriphCLKFreq
 8005b34  8005b34        0     1                 $d
 8005b44  8005b44        0     1                 $t
 8005dde  8005dde        0     1                 $d
 8005de8  8005de8        0     1                 $t
 8005dfe  8005dfe        0     1                 $d
 8005e14  8005e14        0     1                 $t
 8005ee4  8005ee4        0     1                 $d
 8005ef0  8005ef0        0     1                 $t
 8005f84  8005f84        0     1                 $d
 8005f90  8005f90        0     1                 $t
 8005fa4  8005fa4        0     1                 $d
 8005fb0  8005fb0        0     1                 $t
 8005ff4  8005ff4        0     1                 $d
 8005ffe  8005ffe        0     1                 $t
 8006012  8006012        0     1                 $d
 800601e  800601e        0     1                 $t
 80060dc  80060dc        0     1                 $d
 80060e8  80060e8        0     1                 $t
 8006134  8006134        0     1                 $d
 8006144  8006144        0     1                 $t
 80061c2  80061c2        0     1                 $d
 80061ce  80061ce        0     1                 $t
 8006226  8006226        0     1                 $d
 800622e  800622e        0     1                 $t
 8006318  8006318        0     1                 $d
 8006322  8006322        0     1                 $t
 800634c  800634c        0     1                 $d
 8006356  8006356        0     1                 $t
 800649c  800649c        0     1                 $d
 80064a0  80064a0        0     1                 $t
 8006580  8006580        0     1                 $d
 8006590  8006590        0     1                 $t
 8006591  8006591       70     1                 HAL_RCCEx_EnablePLL2
 80065fc  80065fc        0     1                 $d
 8006600  8006600        0     1                 $t
 8006601  8006601       90     1                 RCCEx_PLLSource_Enable
 800668c  800668c        0     1                 $d
 8006690  8006690        0     1                 $t
 8006691  8006691       38     1                 HAL_RCCEx_DisablePLL2
 80066c0  80066c0        0     1                 $d
 80066c8  80066c8        0     1                 $t
 80066c9  80066c9       70     1                 HAL_RCCEx_EnablePLL3
 8006734  8006734        0     1                 $d
 8006738  8006738        0     1                 $t
 8006739  8006739       38     1                 HAL_RCCEx_DisablePLL3
 8006768  8006768        0     1                 $d
 8006770  8006770        0     1                 $t
 8006771  8006771       14     1                 HAL_RCCEx_WakeUpStopCLKConfig
 8006780  8006780        0     1                 $d
 8006784  8006784        0     1                 $t
 8006785  8006785       14     1                 HAL_RCCEx_KerWakeUpStopCLKConfig
 8006794  8006794        0     1                 $d
 8006798  8006798        0     1                 $t
 8006799  8006799       10     1                 HAL_RCCEx_EnableLSECSS
 80067a4  80067a4        0     1                 $d
 80067a8  80067a8        0     1                 $t
 80067a9  80067a9       10     1                 HAL_RCCEx_DisableLSECSS
 80067b4  80067b4        0     1                 $d
 80067b8  80067b8        0     1                 $t
 80067b9  80067b9       14     1                 HAL_RCCEx_LSECSS_IRQHandler
 80067c8  80067c8        0     1                 $d
 80067cc  80067cc        0     1                 $t
 80067cd  80067cd        2     1                 HAL_RCCEx_LSECSS_Callback
 80067d1  80067d1       2c     1                 HAL_RCCEx_EnableLSCO
 80067f4  80067f4        0     1                 $d
 80067fc  80067fc        0     1                 $t
 80067fd  80067fd       34     1                 HAL_RCCEx_DisableLSCO
 8006828  8006828        0     1                 $d
 8006830  8006830        0     1                 $t
 8006831  8006831       48     1                 HAL_RCCEx_CRSConfig
 8006870  8006870        0     1                 $d
 8006878  8006878        0     1                 $t
 8006879  8006879       10     1                 HAL_RCCEx_CRSSoftwareSynchronizationGenerate
 8006884  8006884        0     1                 $d
 8006888  8006888        0     1                 $t
 8006889  8006889       24     1                 HAL_RCCEx_CRSGetSynchronizationInfo
 80068a8  80068a8        0     1                 $d
 80068ac  80068ac        0     1                 $t
 80068ad  80068ad       8c     1                 HAL_RCCEx_CRSWaitSynchronization
 8006934  8006934        0     1                 $d
 8006938  8006938        0     1                 $t
 8006939  8006939       54     1                 HAL_RCCEx_CRS_IRQHandler
 8006988  8006988        0     1                 $d
 800698c  800698c        0     1                 $t
 800698d  800698d        2     1                 HAL_RCCEx_CRS_SyncOkCallback
 800698f  800698f        2     1                 HAL_RCCEx_CRS_SyncWarnCallback
 8006991  8006991        2     1                 HAL_RCCEx_CRS_ExpectedSyncCallback
 8006993  8006993        2     1                 HAL_RCCEx_CRS_ErrorCallback
 8006995  8006995       32     1                 OUTLINED_FUNCTION_0
 80069c7  80069c7       18     1                 OUTLINED_FUNCTION_1
 80069df  80069df       2e     1                 OUTLINED_FUNCTION_2
 8006a0d  8006a0d        e     1                 OUTLINED_FUNCTION_3
 8006a1b  8006a1b       14     1                 OUTLINED_FUNCTION_4
 8006a2f  8006a2f        c     1                 OUTLINED_FUNCTION_5
 8006a3b  8006a3b       1c     1                 OUTLINED_FUNCTION_6
 8006a57  8006a57       1a     1                 OUTLINED_FUNCTION_7
 8006a71  8006a71        8     1                 OUTLINED_FUNCTION_8
 8006a79  8006a79        8     1                 OUTLINED_FUNCTION_9
 8006a81  8006a81       18     1                 OUTLINED_FUNCTION_10
 8006a99  8006a99       22     1                 OUTLINED_FUNCTION_11
 8006abb  8006abb       22     1                 OUTLINED_FUNCTION_12
 8006add  8006add        a     1                 OUTLINED_FUNCTION_13
 8006ae7  8006ae7        e     1                 OUTLINED_FUNCTION_14
 8006af5  8006af5        e     1                 OUTLINED_FUNCTION_15
 8006b03  8006b03        6     1                 OUTLINED_FUNCTION_16
 8006b09  8006b09        8     1                 OUTLINED_FUNCTION_17
 8006b11  8006b11        8     1                 OUTLINED_FUNCTION_18
 8006b19  8006b19        8     1                 OUTLINED_FUNCTION_19
 8006b21  8006b21        8     1                 OUTLINED_FUNCTION_20
 8006b29  8006b29        8     1                 OUTLINED_FUNCTION_21
 8006b31  8006b31        8     1                 OUTLINED_FUNCTION_22
 8006b39  8006b39        8     1                 OUTLINED_FUNCTION_23
 8006b41  8006b41        8     1                 OUTLINED_FUNCTION_24
 8006b49  8006b49       10     1                 OUTLINED_FUNCTION_25
 8006b59  8006b59        6     1                 OUTLINED_FUNCTION_26
 8006b5f  8006b5f        e     1                 OUTLINED_FUNCTION_27
 8006b6d  8006b6d        e     1                 OUTLINED_FUNCTION_28
 8006b7b  8006b7b        a     1                 OUTLINED_FUNCTION_29
 8006b85  8006b85        e     1                 OUTLINED_FUNCTION_30
 8006b93  8006b93        e     1                 OUTLINED_FUNCTION_31
 8006ba1  8006ba1        8     1                 OUTLINED_FUNCTION_32
 8006ba8  8006ba8     1e94     4         output\stm32h5xx_hal_uart.o:(.text)
 8006ba8  8006ba8        0     1                 $t
 8006ba9  8006ba9       38     1                 HAL_UART_Init
 8006be3  8006be3       a8     1                 UART_AdvFeatureConfig
 8006c8d  8006c8d      1ec     1                 UART_SetConfig
 8006e34  8006e34        0     1                 $d
 8006e78  8006e78        0     1                 $t
 8006e79  8006e79       a4     1                 UART_CheckIdleState
 8006f1d  8006f1d       40     1                 HAL_HalfDuplex_Init
 8006f5d  8006f5d       62     1                 HAL_LIN_Init
 8006fbf  8006fbf       60     1                 HAL_MultiProcessor_Init
 800701f  800701f       40     1                 HAL_UART_DeInit
 8007061  8007061       c0     1                 HAL_UART_Transmit
 8007121  8007121       7e     1                 UART_WaitOnFlagUntilTimeout
 800719f  800719f       da     1                 HAL_UART_Receive
 8007279  8007279       b0     1                 HAL_UART_Transmit_IT
 8007318  8007318        0     1                 $d
 8007328  8007328        0     1                 $t
 8007329  8007329       60     1                 UART_TxISR_16BIT_FIFOEN
 8007389  8007389       5c     1                 UART_TxISR_8BIT_FIFOEN
 80073e5  80073e5       48     1                 UART_TxISR_16BIT
 800742d  800742d       44     1                 UART_TxISR_8BIT
 8007471  8007471       5c     1                 HAL_UART_Receive_IT
 80074c8  80074c8        0     1                 $d
 80074cc  80074cc        0     1                 $t
 80074cd  80074cd      120     1                 UART_Start_Receive_IT
 80075dc  80075dc        0     1                 $d
 80075ec  80075ec        0     1                 $t
 80075ed  80075ed       b8     1                 HAL_UART_Transmit_DMA
 8007698  8007698        0     1                 $d
 80076a4  80076a4        0     1                 $t
 80076a5  80076a5       28     1                 UART_DMATransmitCplt
 80076cd  80076cd        6     1                 UART_DMATxHalfCplt
 80076d3  80076d3       4a     1                 UART_DMAError
 800771d  800771d       50     1                 HAL_UART_Receive_DMA
 8007768  8007768        0     1                 $d
 800776c  800776c        0     1                 $t
 800776d  800776d       d4     1                 UART_Start_Receive_DMA
 8007834  8007834        0     1                 $d
 8007840  8007840        0     1                 $t
 8007841  8007841       8e     1                 HAL_UART_DMAPause
 80078cf  80078cf       6a     1                 HAL_UART_DMAResume
 8007939  8007939       8e     1                 HAL_UART_DMAStop
 80079c7  80079c7       34     1                 UART_EndTxTransfer
 80079fd  80079fd       5c     1                 UART_EndRxTransfer
 8007a54  8007a54        0     1                 $d
 8007a58  8007a58        0     1                 $t
 8007a59  8007a59       c0     1                 HAL_UART_Abort
 8007b14  8007b14        0     1                 $d
 8007b18  8007b18        0     1                 $t
 8007b19  8007b19       74     1                 HAL_UART_AbortTransmit
 8007b8d  8007b8d       84     1                 HAL_UART_AbortReceive
 8007c0c  8007c0c        0     1                 $d
 8007c10  8007c10        0     1                 $t
 8007c11  8007c11       f4     1                 HAL_UART_Abort_IT
 8007cf8  8007cf8        0     1                 $d
 8007d04  8007d04        0     1                 $t
 8007d05  8007d05       46     1                 UART_DMATxAbortCallback
 8007d4b  8007d4b       3c     1                 UART_DMARxAbortCallback
 8007d87  8007d87        2     1                 HAL_UART_AbortCpltCallback
 8007d89  8007d89       84     1                 HAL_UART_AbortTransmit_IT
 8007e08  8007e08        0     1                 $d
 8007e0c  8007e0c        0     1                 $t
 8007e0d  8007e0d       24     1                 UART_DMATxOnlyAbortCallback
 8007e31  8007e31        2     1                 HAL_UART_AbortTransmitCpltCallback
 8007e35  8007e35       98     1                 HAL_UART_AbortReceive_IT
 8007ec4  8007ec4        0     1                 $d
 8007ecc  8007ecc        0     1                 $t
 8007ecd  8007ecd       22     1                 UART_DMARxOnlyAbortCallback
 8007eef  8007eef        2     1                 HAL_UART_AbortReceiveCpltCallback
 8007ef1  8007ef1      2f8     1                 HAL_UART_IRQHandler
 80081d8  80081d8        0     1                 $d
 80081e8  80081e8        0     1                 $t
 80081e9  80081e9       10     1                 UART_DMAAbortOnError
 80081f9  80081f9        2     1                 HAL_UART_ErrorCallback
 80081fb  80081fb        2     1                 HAL_UARTEx_RxEventCallback
 80081fd  80081fd        2     1                 HAL_UART_TxCpltCallback
 80081ff  80081ff        2     1                 HAL_UART_TxHalfCpltCallback
 8008201  8008201        2     1                 HAL_UART_RxCpltCallback
 8008203  8008203        2     1                 HAL_UART_RxHalfCpltCallback
 8008205  8008205       20     1                 HAL_UART_ReceiverTimeout_Config
 8008220  8008220        0     1                 $d
 8008224  8008224        0     1                 $t
 8008225  8008225       44     1                 HAL_UART_EnableReceiverTimeout
 8008264  8008264        0     1                 $d
 8008268  8008268        0     1                 $t
 8008269  8008269       44     1                 HAL_UART_DisableReceiverTimeout
 80082a8  80082a8        0     1                 $d
 80082ac  80082ac        0     1                 $t
 80082ad  80082ad       2a     1                 HAL_MultiProcessor_EnableMuteMode
 80082d7  80082d7       2a     1                 HAL_MultiProcessor_DisableMuteMode
 8008301  8008301        c     1                 HAL_MultiProcessor_EnterMuteMode
 800830d  800830d       48     1                 HAL_HalfDuplex_EnableTransmitter
 8008355  8008355       48     1                 HAL_HalfDuplex_EnableReceiver
 800839d  800839d       28     1                 HAL_LIN_SendBreak
 80083c5  80083c5        c     1                 HAL_UART_GetState
 80083d1  80083d1        6     1                 HAL_UART_GetError
 80083d9  80083d9      160     1                 UART_RxISR_16BIT_FIFOEN
 800852c  800852c        0     1                 $d
 8008538  8008538        0     1                 $t
 8008539  8008539      164     1                 UART_RxISR_8BIT_FIFOEN
 8008690  8008690        0     1                 $d
 800869c  800869c        0     1                 $t
 800869d  800869d       c4     1                 UART_RxISR_16BIT
 800875c  800875c        0     1                 $d
 8008760  8008760        0     1                 $t
 8008761  8008761       c4     1                 UART_RxISR_8BIT
 8008820  8008820        0     1                 $d
 8008824  8008824        0     1                 $t
 8008825  8008825       6a     1                 UART_DMAReceiveCplt
 800888f  800888f       1a     1                 UART_DMARxHalfCplt
 80088a9  80088a9       16     1                 OUTLINED_FUNCTION_0
 80088bf  80088bf        c     1                 OUTLINED_FUNCTION_1
 80088cb  80088cb        c     1                 OUTLINED_FUNCTION_2
 80088d7  80088d7       10     1                 OUTLINED_FUNCTION_3
 80088e7  80088e7        8     1                 OUTLINED_FUNCTION_4
 80088ef  80088ef       16     1                 OUTLINED_FUNCTION_5
 8008905  8008905        8     1                 OUTLINED_FUNCTION_6
 800890d  800890d       14     1                 OUTLINED_FUNCTION_7
 8008921  8008921       12     1                 OUTLINED_FUNCTION_8
 8008933  8008933       12     1                 OUTLINED_FUNCTION_9
 8008945  8008945        8     1                 OUTLINED_FUNCTION_10
 800894d  800894d        c     1                 OUTLINED_FUNCTION_11
 8008959  8008959        c     1                 OUTLINED_FUNCTION_12
 8008965  8008965        8     1                 OUTLINED_FUNCTION_13
 800896d  800896d       10     1                 OUTLINED_FUNCTION_14
 800897d  800897d        8     1                 OUTLINED_FUNCTION_15
 8008985  8008985        8     1                 OUTLINED_FUNCTION_16
 800898d  800898d        8     1                 OUTLINED_FUNCTION_17
 8008995  8008995        e     1                 OUTLINED_FUNCTION_18
 80089a3  80089a3        a     1                 OUTLINED_FUNCTION_19
 80089ad  80089ad        a     1                 OUTLINED_FUNCTION_20
 80089b7  80089b7        a     1                 OUTLINED_FUNCTION_21
 80089c1  80089c1        a     1                 OUTLINED_FUNCTION_22
 80089cb  80089cb        6     1                 OUTLINED_FUNCTION_23
 80089d1  80089d1        a     1                 OUTLINED_FUNCTION_24
 80089db  80089db        a     1                 OUTLINED_FUNCTION_25
 80089e5  80089e5        e     1                 OUTLINED_FUNCTION_26
 80089f3  80089f3        6     1                 OUTLINED_FUNCTION_27
 80089f9  80089f9        6     1                 OUTLINED_FUNCTION_28
 80089ff  80089ff        a     1                 OUTLINED_FUNCTION_29
 8008a09  8008a09        e     1                 OUTLINED_FUNCTION_30
 8008a17  8008a17        8     1                 OUTLINED_FUNCTION_31
 8008a1f  8008a1f        8     1                 OUTLINED_FUNCTION_32
 8008a27  8008a27        8     1                 OUTLINED_FUNCTION_33
 8008a2f  8008a2f        e     1                 OUTLINED_FUNCTION_34
 8008a3c  8008a3c       14     4         D:\LLVM\arm-none-eabi\lib\libclang_rt.builtins.a(aeabi_uldivmod.S.obj):(.text)
 8008a3c  8008a3c        0     1                 $t
 8008a3d  8008a3d       14     1                 __aeabi_uldivmod
 8008a50  8008a50      482     4         output\stm32h5xx_hal_uart_ex.o:(.text)
 8008a50  8008a50        0     1                 $t
 8008a51  8008a51       78     1                 HAL_RS485Ex_Init
 8008ac9  8008ac9        2     1                 HAL_UARTEx_WakeupCallback
 8008acb  8008acb        2     1                 HAL_UARTEx_RxFifoFullCallback
 8008acd  8008acd        2     1                 HAL_UARTEx_TxFifoEmptyCallback
 8008acf  8008acf       2c     1                 HAL_MultiProcessorEx_AddressLength_Set
 8008afb  8008afb       76     1                 HAL_UARTEx_StopModeWakeUpSourceConfig
 8008b71  8008b71       30     1                 HAL_UARTEx_EnableStopMode
 8008ba1  8008ba1       30     1                 HAL_UARTEx_DisableStopMode
 8008bd1  8008bd1       40     1                 HAL_UARTEx_EnableFifoMode
 8008c11  8008c11       44     1                 UARTEx_SetNbDataToProcess
 8008c4c  8008c4c        0     1                 $d
 8008c54  8008c54        0     1                 $t
 8008c55  8008c55       36     1                 HAL_UARTEx_DisableFifoMode
 8008c8b  8008c8b       1a     1                 HAL_UARTEx_SetTxFifoThreshold
 8008ca5  8008ca5       1a     1                 HAL_UARTEx_SetRxFifoThreshold
 8008cbf  8008cbf      11a     1                 HAL_UARTEx_ReceiveToIdle
 8008dd9  8008dd9       58     1                 HAL_UARTEx_ReceiveToIdle_IT
 8008e31  8008e31       4a     1                 HAL_UARTEx_ReceiveToIdle_DMA
 8008e7b  8008e7b        4     1                 HAL_UARTEx_GetRxEventType
 8008e7f  8008e7f       1c     1                 OUTLINED_FUNCTION_0
 8008e9b  8008e9b       12     1                 OUTLINED_FUNCTION_1
 8008ead  8008ead        a     1                 OUTLINED_FUNCTION_2
 8008eb7  8008eb7        a     1                 OUTLINED_FUNCTION_3
 8008ec1  8008ec1        8     1                 OUTLINED_FUNCTION_4
 8008ec9  8008ec9        a     1                 OUTLINED_FUNCTION_5
 8008ed4  8008ed4       50     4         output\startup_stm32h573xx.o:(.text.Reset_Handler)
 8008ed4  8008ed4        0     1                 $t
 8008ed5  8008ed5       38     1                 Reset_Handler
 8008ee6  8008ee6        0     1                 CopyDataInit
 8008eec  8008eec        0     1                 LoopCopyDataInit
 8008efa  8008efa        0     1                 FillZerobss
 8008efe  8008efe        0     1                 LoopFillZerobss
 8008f0a  8008f0a        0     1                 LoopForever
 8008f0c  8008f0c        0     1                 $d
 8008f24  8008f24        2     1         output\startup_stm32h573xx.o:(.text.Default_Handler)
 8008f24  8008f24        0     1                 Infinite_Loop
 8008f24  8008f24        0     1                 $t
 8008f24  8008f24        2     1                 Default_Handler
 8008f25  8008f25        2     1                 SecureFault_Handler
 8008f25  8008f25        2     1                 WWDG_IRQHandler
 8008f25  8008f25        2     1                 PVD_AVD_IRQHandler
 8008f25  8008f25        2     1                 RTC_IRQHandler
 8008f25  8008f25        2     1                 RTC_S_IRQHandler
 8008f25  8008f25        2     1                 TAMP_IRQHandler
 8008f25  8008f25        2     1                 RAMCFG_IRQHandler
 8008f25  8008f25        2     1                 FLASH_IRQHandler
 8008f25  8008f25        2     1                 FLASH_S_IRQHandler
 8008f25  8008f25        2     1                 GTZC_IRQHandler
 8008f25  8008f25        2     1                 RCC_IRQHandler
 8008f25  8008f25        2     1                 RCC_S_IRQHandler
 8008f25  8008f25        2     1                 EXTI0_IRQHandler
 8008f25  8008f25        2     1                 EXTI1_IRQHandler
 8008f25  8008f25        2     1                 EXTI2_IRQHandler
 8008f25  8008f25        2     1                 EXTI3_IRQHandler
 8008f25  8008f25        2     1                 EXTI4_IRQHandler
 8008f25  8008f25        2     1                 EXTI5_IRQHandler
 8008f25  8008f25        2     1                 EXTI6_IRQHandler
 8008f25  8008f25        2     1                 EXTI7_IRQHandler
 8008f25  8008f25        2     1                 EXTI8_IRQHandler
 8008f25  8008f25        2     1                 EXTI9_IRQHandler
 8008f25  8008f25        2     1                 EXTI10_IRQHandler
 8008f25  8008f25        2     1                 EXTI11_IRQHandler
 8008f25  8008f25        2     1                 EXTI12_IRQHandler
 8008f25  8008f25        2     1                 EXTI13_IRQHandler
 8008f25  8008f25        2     1                 EXTI14_IRQHandler
 8008f25  8008f25        2     1                 EXTI15_IRQHandler
 8008f25  8008f25        2     1                 GPDMA1_Channel0_IRQHandler
 8008f25  8008f25        2     1                 GPDMA1_Channel1_IRQHandler
 8008f25  8008f25        2     1                 GPDMA1_Channel2_IRQHandler
 8008f25  8008f25        2     1                 GPDMA1_Channel3_IRQHandler
 8008f25  8008f25        2     1                 GPDMA1_Channel4_IRQHandler
 8008f25  8008f25        2     1                 GPDMA1_Channel5_IRQHandler
 8008f25  8008f25        2     1                 GPDMA1_Channel6_IRQHandler
 8008f25  8008f25        2     1                 GPDMA1_Channel7_IRQHandler
 8008f25  8008f25        2     1                 IWDG_IRQHandler
 8008f25  8008f25        2     1                 SAES_IRQHandler
 8008f25  8008f25        2     1                 ADC1_IRQHandler
 8008f25  8008f25        2     1                 DAC1_IRQHandler
 8008f25  8008f25        2     1                 FDCAN1_IT0_IRQHandler
 8008f25  8008f25        2     1                 FDCAN1_IT1_IRQHandler
 8008f25  8008f25        2     1                 TIM1_BRK_IRQHandler
 8008f25  8008f25        2     1                 TIM1_UP_IRQHandler
 8008f25  8008f25        2     1                 TIM1_TRG_COM_IRQHandler
 8008f25  8008f25        2     1                 TIM1_CC_IRQHandler
 8008f25  8008f25        2     1                 TIM2_IRQHandler
 8008f25  8008f25        2     1                 TIM3_IRQHandler
 8008f25  8008f25        2     1                 TIM4_IRQHandler
 8008f25  8008f25        2     1                 TIM5_IRQHandler
 8008f25  8008f25        2     1                 TIM6_IRQHandler
 8008f25  8008f25        2     1                 TIM7_IRQHandler
 8008f25  8008f25        2     1                 I2C1_EV_IRQHandler
 8008f25  8008f25        2     1                 I2C1_ER_IRQHandler
 8008f25  8008f25        2     1                 I2C2_EV_IRQHandler
 8008f25  8008f25        2     1                 I2C2_ER_IRQHandler
 8008f25  8008f25        2     1                 SPI1_IRQHandler
 8008f25  8008f25        2     1                 SPI2_IRQHandler
 8008f25  8008f25        2     1                 SPI3_IRQHandler
 8008f25  8008f25        2     1                 USART1_IRQHandler
 8008f25  8008f25        2     1                 USART2_IRQHandler
 8008f25  8008f25        2     1                 USART3_IRQHandler
 8008f25  8008f25        2     1                 UART4_IRQHandler
 8008f25  8008f25        2     1                 UART5_IRQHandler
 8008f25  8008f25        2     1                 LPUART1_IRQHandler
 8008f25  8008f25        2     1                 LPTIM1_IRQHandler
 8008f25  8008f25        2     1                 TIM8_BRK_IRQHandler
 8008f25  8008f25        2     1                 TIM8_UP_IRQHandler
 8008f25  8008f25        2     1                 TIM8_TRG_COM_IRQHandler
 8008f25  8008f25        2     1                 TIM8_CC_IRQHandler
 8008f25  8008f25        2     1                 ADC2_IRQHandler
 8008f25  8008f25        2     1                 LPTIM2_IRQHandler
 8008f25  8008f25        2     1                 TIM15_IRQHandler
 8008f25  8008f25        2     1                 TIM16_IRQHandler
 8008f25  8008f25        2     1                 TIM17_IRQHandler
 8008f25  8008f25        2     1                 USB_DRD_FS_IRQHandler
 8008f25  8008f25        2     1                 CRS_IRQHandler
 8008f25  8008f25        2     1                 UCPD1_IRQHandler
 8008f25  8008f25        2     1                 FMC_IRQHandler
 8008f25  8008f25        2     1                 OCTOSPI1_IRQHandler
 8008f25  8008f25        2     1                 SDMMC1_IRQHandler
 8008f25  8008f25        2     1                 I2C3_EV_IRQHandler
 8008f25  8008f25        2     1                 I2C3_ER_IRQHandler
 8008f25  8008f25        2     1                 SPI4_IRQHandler
 8008f25  8008f25        2     1                 SPI5_IRQHandler
 8008f25  8008f25        2     1                 SPI6_IRQHandler
 8008f25  8008f25        2     1                 USART6_IRQHandler
 8008f25  8008f25        2     1                 USART10_IRQHandler
 8008f25  8008f25        2     1                 USART11_IRQHandler
 8008f25  8008f25        2     1                 SAI1_IRQHandler
 8008f25  8008f25        2     1                 SAI2_IRQHandler
 8008f25  8008f25        2     1                 GPDMA2_Channel0_IRQHandler
 8008f25  8008f25        2     1                 GPDMA2_Channel1_IRQHandler
 8008f25  8008f25        2     1                 GPDMA2_Channel2_IRQHandler
 8008f25  8008f25        2     1                 GPDMA2_Channel3_IRQHandler
 8008f25  8008f25        2     1                 GPDMA2_Channel4_IRQHandler
 8008f25  8008f25        2     1                 GPDMA2_Channel5_IRQHandler
 8008f25  8008f25        2     1                 GPDMA2_Channel6_IRQHandler
 8008f25  8008f25        2     1                 GPDMA2_Channel7_IRQHandler
 8008f25  8008f25        2     1                 UART7_IRQHandler
 8008f25  8008f25        2     1                 UART8_IRQHandler
 8008f25  8008f25        2     1                 UART9_IRQHandler
 8008f25  8008f25        2     1                 UART12_IRQHandler
 8008f25  8008f25        2     1                 SDMMC2_IRQHandler
 8008f25  8008f25        2     1                 FPU_IRQHandler
 8008f25  8008f25        2     1                 ICACHE_IRQHandler
 8008f25  8008f25        2     1                 DCACHE1_IRQHandler
 8008f25  8008f25        2     1                 ETH_IRQHandler
 8008f25  8008f25        2     1                 ETH_WKUP_IRQHandler
 8008f25  8008f25        2     1                 DCMI_PSSI_IRQHandler
 8008f25  8008f25        2     1                 FDCAN2_IT0_IRQHandler
 8008f25  8008f25        2     1                 FDCAN2_IT1_IRQHandler
 8008f25  8008f25        2     1                 CORDIC_IRQHandler
 8008f25  8008f25        2     1                 FMAC_IRQHandler
 8008f25  8008f25        2     1                 DTS_IRQHandler
 8008f25  8008f25        2     1                 RNG_IRQHandler
 8008f25  8008f25        2     1                 OTFDEC1_IRQHandler
 8008f25  8008f25        2     1                 AES_IRQHandler
 8008f25  8008f25        2     1                 HASH_IRQHandler
 8008f25  8008f25        2     1                 PKA_IRQHandler
 8008f25  8008f25        2     1                 CEC_IRQHandler
 8008f25  8008f25        2     1                 TIM12_IRQHandler
 8008f25  8008f25        2     1                 TIM13_IRQHandler
 8008f25  8008f25        2     1                 TIM14_IRQHandler
 8008f25  8008f25        2     1                 I3C1_EV_IRQHandler
 8008f25  8008f25        2     1                 I3C1_ER_IRQHandler
 8008f25  8008f25        2     1                 I2C4_EV_IRQHandler
 8008f25  8008f25        2     1                 I2C4_ER_IRQHandler
 8008f25  8008f25        2     1                 LPTIM3_IRQHandler
 8008f25  8008f25        2     1                 LPTIM4_IRQHandler
 8008f25  8008f25        2     1                 LPTIM5_IRQHandler
 8008f25  8008f25        2     1                 LPTIM6_IRQHandler
 8008f26  8008f26       6a     2         D:\LLVM\arm-none-eabi\lib\libc.a(libc_misc_init.c.o):(.text.__libc_init_array)
 8008f26  8008f26        0     1                 $t
 8008f27  8008f27       6a     1                 __libc_init_array
 8008f90  8008f90        8     2         D:\LLVM\arm-none-eabi\lib\libc.a(bzero.c.o):(.text.bzero)
 8008f90  8008f90        0     1                 $t
 8008f91  8008f91        8     1                 bzero
 8008f91  8008f91        8     1                 __aeabi_memclr4
 8008f91  8008f91        8     1                 __aeabi_memclr8
 8008f91  8008f91        8     1                 __aeabi_memclr
 8008f98  8008f98       52     2         D:\LLVM\arm-none-eabi\lib\libc.a(libc_tinystdio_puts.c.o):(.text.puts)
 8008f98  8008f98        0     1                 $t
 8008f99  8008f99       52     1                 puts
 8008fea  8008fea      288     2         D:\LLVM\arm-none-eabi\lib\libclang_rt.builtins.a(udivmoddi4.c.obj):(.text.__udivmoddi4)
 8008fea  8008fea        0     1                 $t
 8008feb  8008feb      288     1                 __udivmoddi4
 800024c  800024c       2c     1         D:\LLVM\arm-none-eabi\lib\libc.a(memcpy.S.o):(.eh_frame+0x0)
 80092a4  80092a4        0     1         . = ALIGN ( 4 )
 80092a4  80092a4        0     1         _etext = .
 80092a4  80092a4       8c     4 .rodata
 80092a4  80092a4        0     1         . = ALIGN ( 4 )
 80092a4  80092a4        c     4         output\main.o:(.rodata)
 80092a4  80092a4        4     1                 stdin
 80092a8  80092a8        4     1                 stdout
 80092ac  80092ac        4     1                 stderr
 80092b0  80092b0       18     1         output\system_stm32h5xx.o:(.rodata)
 80092b0  80092b0       10     1                 AHBPrescTable
 80092c0  80092c0        8     1                 APBPrescTable
 80092c8  80092c8       18     2         output\stm32h5xx_hal_uart.o:(.rodata)
 80092c8  80092c8       18     1                 UARTPrescTable
 80092e0  80092e0        e     1         <internal>:(.rodata.str1.1)
 80092f0  80092f0       10     4         <internal>:(.rodata.cst16)
 8009300  8009300       20     4         <internal>:(.rodata.cst32)
 8009320  8009320       10     1         <internal>:(.rodata.cst8)
 8009330  8009330        0     1         . = ALIGN ( 4 )
 8009330  8009330        0     1 .ARM.extab
 8009330  8009330        0     1         . = ALIGN ( 4 )
 8009330  8009330        0     1         . = ALIGN ( 4 )
 8009330  8009330       10     4 .ARM
 8009330  8009330        0     1         . = ALIGN ( 4 )
 8009330  8009330        0     1         __exidx_start = .
 8009330  8009330       10     4         <internal>:(.ARM.exidx)
 8009340  8009340        0     1         __exidx_end = .
 8009340  8009340        0     1         . = ALIGN ( 4 )
 8009340  8009340        0     1 .preinit_array
 8009340  8009340        0     1         . = ALIGN ( 4 )
 8009340  8009340        0     1         PROVIDE_HIDDEN ( __preinit_array_start = . )
 8009340  8009340        0     1         PROVIDE_HIDDEN ( __preinit_array_end = . )
 8009340  8009340        0     1         . = ALIGN ( 4 )
 8009340  8009340        0     1 .init_array
 8009340  8009340        0     1         . = ALIGN ( 4 )
 8009340  8009340        0     1         PROVIDE_HIDDEN ( __init_array_start = . )
 8009340  8009340        0     1         PROVIDE_HIDDEN ( __init_array_end = . )
 8009340  8009340        0     1         . = ALIGN ( 4 )
 8009340  8009340        0     1 .fini_array
 8009340  8009340        0     1         . = ALIGN ( 4 )
 8009340  8009340        0     1         . = ALIGN ( 4 )
 8009340  8009340        0     1 _sidata = LOADADDR ( .data )
20000000  8009340       1c     4 .data
20000000  8009340        0     1         . = ALIGN ( 4 )
20000000  8009340        0     1         _sdata = .
20000000  8009340       10     4         output\main.o:(.data)
20000000  8009340       10     1                 __stdio
20000010  8009350        4     4         output\system_stm32h5xx.o:(.data)
20000010  8009350        4     1                 SystemCoreClock
20000014  8009354        8     4         output\stm32h5xx_hal.o:(.data)
20000014  8009354        4     1                 uwTickPrio
20000018  8009358        4     1                 uwTickFreq
2000001c  800935c        0     1         . = ALIGN ( 4 )
2000001c  800935c        0     1         _edata = .
2000001c  800935c        0     1 . = ALIGN ( 4 )
2000001c 2000001c       98     4 .bss
2000001c 2000001c        0     1         _sbss = .
2000001c 2000001c        0     1         __bss_start__ = _sbss
2000001c 2000001c       94     4         output\main.o:(.bss)
2000001c 2000001c       94     1                 huart1
200000b0 200000b0        4     4         output\stm32h5xx_hal.o:(.bss)
200000b0 200000b0        4     1                 uwTick
200000b4 200000b4        0     1         . = ALIGN ( 4 )
200000b4 200000b4        0     1         _ebss = .
200000b4 200000b4        0     1         __bss_end__ = _ebss
200000b4 200000b4        0     1         . = ALIGN ( 4 )
200000b4 200000b4        0     1         _end = .
200000b4 200000b4        0     1         __end__ = _end
200000b8 200000b8      800     8 .heap
200000b8 200000b8        0     1         __heap_start = .
200000b8 200000b8      800     1         . = . + _Min_Heap_Size
200008b8 200008b8        0     1         . = ALIGN ( 8 )
200008b8 200008b8        0     1         __heap_end = .
200008b8 200008b8      800     8 .stack
200008b8 200008b8      800     1         . = . + _Min_Stack_Size
200010b8 200010b8        0     1         . = ALIGN ( 8 )
200010b8 200010b8        0     1         _estack = .
200010b8 200010b8        0     1 _ram_end = ORIGIN ( RAM ) + LENGTH ( RAM )
200010b8 200010b8        0     1 
       0        0       2a     1 .ARM.attributes
       0        0       2a     1         output\startup_stm32h573xx.o:(.ARM.attributes)
       0        0    14928     1 .debug_info
       0        0      12c     1         output\startup_stm32h573xx.o:(.debug_info)
     12c      12c       52     1         D:\LLVM\arm-none-eabi\lib\libc.a(libc_misc_init.c.o):(.debug_info)
     17e      17e      55f     1         output\gpio.o:(.debug_info)
     6dd      6dd       76     1         D:\LLVM\arm-none-eabi\lib\libc.a(bzero.c.o):(.debug_info)
     753      753      128     1         D:\LLVM\arm-none-eabi\lib\libc.a(memset.S.o):(.debug_info)
     87b      87b       62     1         output\icache.o:(.debug_info)
     8dd      8dd     16f3     1         output\main.o:(.debug_info)
    1fd0     1fd0      114     1         D:\LLVM\arm-none-eabi\lib\libc.a(libc_tinystdio_puts.c.o):(.debug_info)
    20e4     20e4     10a6     1         output\stm32h5xx_hal_msp.o:(.debug_info)
    318a     318a       d2     1         output\stm32h5xx_it.o:(.debug_info)
    325c     325c      45a     1         output\syscalls.o:(.debug_info)
    36b6     36b6       2e     1         D:\LLVM\arm-none-eabi\lib\libc.a(libc_errno_errno.c.o):(.debug_info)
    36e4     36e4      132     1         D:\LLVM\arm-none-eabi\lib\libc.a(libc_picolib_machine_arm_read_tp.S.o):(.debug_info)
    3816     3816       e5     1         output\sysmem.o:(.debug_info)
    38fb     38fb      c4f     1         output\system_stm32h5xx.o:(.debug_info)
    454a     454a     1413     1         output\stm32h5xx_hal.o:(.debug_info)
    595d     595d     1734     1         output\stm32h5xx_hal_cortex.o:(.debug_info)
    7091     7091      ade     1         output\stm32h5xx_hal_dma.o:(.debug_info)
    7b6f     7b6f     1db2     1         output\stm32h5xx_hal_dma_ex.o:(.debug_info)
    9921     9921      128     1         D:\LLVM\arm-none-eabi\lib\libc.a(memcpy.S.o):(.debug_info)
    9a49     9a49      7af     1         output\stm32h5xx_hal_exti.o:(.debug_info)
    a1f8     a1f8      a87     1         output\stm32h5xx_hal_flash.o:(.debug_info)
    ac7f     ac7f     113c     1         output\stm32h5xx_hal_flash_ex.o:(.debug_info)
    bdbb     bdbb      71f     1         output\stm32h5xx_hal_gpio.o:(.debug_info)
    c4da     c4da      48e     1         output\stm32h5xx_hal_icache.o:(.debug_info)
    c968     c968      94a     1         output\stm32h5xx_hal_pwr.o:(.debug_info)
    d2b2     d2b2      8ab     1         output\stm32h5xx_hal_pwr_ex.o:(.debug_info)
    db5d     db5d     10fb     1         output\stm32h5xx_hal_rcc.o:(.debug_info)
    ec58     ec58     1478     1         output\stm32h5xx_hal_rcc_ex.o:(.debug_info)
   100d0    100d0     3901     1         output\stm32h5xx_hal_uart.o:(.debug_info)
   139d1    139d1      f57     1         output\stm32h5xx_hal_uart_ex.o:(.debug_info)
       0        0     25f9     1 .debug_abbrev
       0        0       1f     1         output\startup_stm32h573xx.o:(.debug_abbrev)
      1f       1f       59     1         D:\LLVM\arm-none-eabi\lib\libc.a(libc_misc_init.c.o):(.debug_abbrev)
      78       78       eb     1         output\gpio.o:(.debug_abbrev)
     163      163       94     1         D:\LLVM\arm-none-eabi\lib\libc.a(bzero.c.o):(.debug_abbrev)
     1f7      1f7       21     1         D:\LLVM\arm-none-eabi\lib\libc.a(memset.S.o):(.debug_abbrev)
     218      218       4a     1         output\icache.o:(.debug_abbrev)
     262      262      236     1         output\main.o:(.debug_abbrev)
     498      498       be     1         D:\LLVM\arm-none-eabi\lib\libc.a(libc_tinystdio_puts.c.o):(.debug_abbrev)
     556      556      150     1         output\stm32h5xx_hal_msp.o:(.debug_abbrev)
     6a6      6a6       29     1         output\stm32h5xx_it.o:(.debug_abbrev)
     6cf      6cf      167     1         output\syscalls.o:(.debug_abbrev)
     836      836       2e     1         D:\LLVM\arm-none-eabi\lib\libc.a(libc_errno_errno.c.o):(.debug_abbrev)
     864      864       21     1         D:\LLVM\arm-none-eabi\lib\libc.a(libc_picolib_machine_arm_read_tp.S.o):(.debug_abbrev)
     885      885       90     1         output\sysmem.o:(.debug_abbrev)
     915      915       e9     1         output\system_stm32h5xx.o:(.debug_abbrev)
     9fe      9fe      1c6     1         output\stm32h5xx_hal.o:(.debug_abbrev)
     bc4      bc4      2aa     1         output\stm32h5xx_hal_cortex.o:(.debug_abbrev)
     e6e      e6e      1e8     1         output\stm32h5xx_hal_dma.o:(.debug_abbrev)
    1056     1056      205     1         output\stm32h5xx_hal_dma_ex.o:(.debug_abbrev)
    125b     125b       21     1         D:\LLVM\arm-none-eabi\lib\libc.a(memcpy.S.o):(.debug_abbrev)
    127c     127c      17e     1         output\stm32h5xx_hal_exti.o:(.debug_abbrev)
    13fa     13fa      20c     1         output\stm32h5xx_hal_flash.o:(.debug_abbrev)
    1606     1606      259     1         output\stm32h5xx_hal_flash_ex.o:(.debug_abbrev)
    185f     185f      160     1         output\stm32h5xx_hal_gpio.o:(.debug_abbrev)
    19bf     19bf      196     1         output\stm32h5xx_hal_icache.o:(.debug_abbrev)
    1b55     1b55      1b5     1         output\stm32h5xx_hal_pwr.o:(.debug_abbrev)
    1d0a     1d0a      1e3     1         output\stm32h5xx_hal_pwr_ex.o:(.debug_abbrev)
    1eed     1eed      17f     1         output\stm32h5xx_hal_rcc.o:(.debug_abbrev)
    206c     206c      1b1     1         output\stm32h5xx_hal_rcc_ex.o:(.debug_abbrev)
    221d     221d      1df     1         output\stm32h5xx_hal_uart.o:(.debug_abbrev)
    23fc     23fc      1fd     1         output\stm32h5xx_hal_uart_ex.o:(.debug_abbrev)
       0        0       88     1 .debug_aranges
       0        0       28     1         output\startup_stm32h573xx.o:(.debug_aranges)
      28       28       20     1         D:\LLVM\arm-none-eabi\lib\libc.a(memset.S.o):(.debug_aranges)
      48       48       20     1         D:\LLVM\arm-none-eabi\lib\libc.a(libc_picolib_machine_arm_read_tp.S.o):(.debug_aranges)
      68       68       20     1         D:\LLVM\arm-none-eabi\lib\libc.a(memcpy.S.o):(.debug_aranges)
       0        0      3d0     1 .debug_ranges
       0        0       28     1         output\startup_stm32h573xx.o:(.debug_ranges)
      28       28       18     1         output\gpio.o:(.debug_ranges)
      40       40       18     1         output\main.o:(.debug_ranges)
      58       58       18     1         output\stm32h5xx_hal_msp.o:(.debug_ranges)
      70       70       88     1         output\stm32h5xx_hal_cortex.o:(.debug_ranges)
      f8       f8       38     1         output\stm32h5xx_hal_dma.o:(.debug_ranges)
     130      130      190     1         output\stm32h5xx_hal_dma_ex.o:(.debug_ranges)
     2c0      2c0       b8     1         output\stm32h5xx_hal_flash_ex.o:(.debug_ranges)
     378      378       38     1         output\stm32h5xx_hal_rcc.o:(.debug_ranges)
     3b0      3b0       20     1         output\stm32h5xx_hal_uart.o:(.debug_ranges)
       0        0     bcb0     1 .debug_line
       0        0       75     1         output\startup_stm32h573xx.o:(.debug_line)
      75       75       b9     1         D:\LLVM\arm-none-eabi\lib\libc.a(libc_misc_init.c.o):(.debug_line)
     12e      12e      133     1         output\gpio.o:(.debug_line)
     261      261       a1     1         D:\LLVM\arm-none-eabi\lib\libc.a(bzero.c.o):(.debug_line)
     302      302       85     1         D:\LLVM\arm-none-eabi\lib\libc.a(memset.S.o):(.debug_line)
     387      387       95     1         output\icache.o:(.debug_line)
     41c      41c      351     1         output\main.o:(.debug_line)
     76d      76d       f5     1         D:\LLVM\arm-none-eabi\lib\libc.a(libc_tinystdio_puts.c.o):(.debug_line)
     862      862      21e     1         output\stm32h5xx_hal_msp.o:(.debug_line)
     a80      a80       71     1         output\stm32h5xx_it.o:(.debug_line)
     af1      af1      159     1         output\syscalls.o:(.debug_line)
     c4a      c4a       43     1         D:\LLVM\arm-none-eabi\lib\libc.a(libc_errno_errno.c.o):(.debug_line)
     c8d      c8d       45     1         D:\LLVM\arm-none-eabi\lib\libc.a(libc_picolib_machine_arm_read_tp.S.o):(.debug_line)
     cd2      cd2       db     1         output\sysmem.o:(.debug_line)
     dad      dad      23b     1         output\system_stm32h5xx.o:(.debug_line)
     fe8      fe8      62f     1         output\stm32h5xx_hal.o:(.debug_line)
    1617     1617      5f8     1         output\stm32h5xx_hal_cortex.o:(.debug_line)
    1c0f     1c0f      af4     1         output\stm32h5xx_hal_dma.o:(.debug_line)
    2703     2703     1cbf     1         output\stm32h5xx_hal_dma_ex.o:(.debug_line)
    43c2     43c2       bd     1         D:\LLVM\arm-none-eabi\lib\libc.a(memcpy.S.o):(.debug_line)
    447f     447f      590     1         output\stm32h5xx_hal_exti.o:(.debug_line)
    4a0f     4a0f      565     1         output\stm32h5xx_hal_flash.o:(.debug_line)
    4f74     4f74      a1b     1         output\stm32h5xx_hal_flash_ex.o:(.debug_line)
    598f     598f      434     1         output\stm32h5xx_hal_gpio.o:(.debug_line)
    5dc3     5dc3      365     1         output\stm32h5xx_hal_icache.o:(.debug_line)
    6128     6128      386     1         output\stm32h5xx_hal_pwr.o:(.debug_line)
    64ae     64ae      45c     1         output\stm32h5xx_hal_pwr_ex.o:(.debug_line)
    690a     690a      ba7     1         output\stm32h5xx_hal_rcc.o:(.debug_line)
    74b1     74b1     1c49     1         output\stm32h5xx_hal_rcc_ex.o:(.debug_line)
    90fa     90fa     255b     1         output\stm32h5xx_hal_uart.o:(.debug_line)
    b655     b655      65b     1         output\stm32h5xx_hal_uart_ex.o:(.debug_line)
       0        0       9b     1 .debug_loclists
       0        0       3e     1         D:\LLVM\arm-none-eabi\lib\libc.a(libc_misc_init.c.o):(.debug_loclists)
      3e       3e       1b     1         D:\LLVM\arm-none-eabi\lib\libc.a(bzero.c.o):(.debug_loclists)
      59       59       42     1         D:\LLVM\arm-none-eabi\lib\libc.a(libc_tinystdio_puts.c.o):(.debug_loclists)
       0        0       e0     1 .debug_str_offsets
       0        0       28     1         D:\LLVM\arm-none-eabi\lib\libc.a(libc_misc_init.c.o):(.debug_str_offsets)
      28       28       30     1         D:\LLVM\arm-none-eabi\lib\libc.a(bzero.c.o):(.debug_str_offsets)
      58       58       6c     1         D:\LLVM\arm-none-eabi\lib\libc.a(libc_tinystdio_puts.c.o):(.debug_str_offsets)
      c4       c4       1c     1         D:\LLVM\arm-none-eabi\lib\libc.a(libc_errno_errno.c.o):(.debug_str_offsets)
       0        0     6dfd     1 .debug_str
       0        0     6dfd     1         <internal>:(.debug_str)
       0        0       2c     1 .debug_addr
       0        0        c     1         D:\LLVM\arm-none-eabi\lib\libc.a(libc_misc_init.c.o):(.debug_addr)
       c        c       10     1         D:\LLVM\arm-none-eabi\lib\libc.a(bzero.c.o):(.debug_addr)
      1c       1c       10     1         D:\LLVM\arm-none-eabi\lib\libc.a(libc_tinystdio_puts.c.o):(.debug_addr)
       0        0       29     1 .comment
       0        0       29     1         <internal>:(.comment)
       0        0     2fd8     4 .debug_frame
       0        0       34     4         D:\LLVM\arm-none-eabi\lib\libc.a(libc_misc_init.c.o):(.debug_frame)
      34       34       30     4         output\gpio.o:(.debug_frame)
      64       64       24     4         D:\LLVM\arm-none-eabi\lib\libc.a(bzero.c.o):(.debug_frame)
      88       88       38     4         D:\LLVM\arm-none-eabi\lib\libc.a(memset.S.o):(.debug_frame)
      c0       c0       28     4         output\icache.o:(.debug_frame)
      e8       e8       6c     4         output\main.o:(.debug_frame)
     154      154       38     4         D:\LLVM\arm-none-eabi\lib\libc.a(libc_tinystdio_puts.c.o):(.debug_frame)
     18c      18c       4c     4         output\stm32h5xx_hal_msp.o:(.debug_frame)
     1d8      1d8       a0     4         output\stm32h5xx_it.o:(.debug_frame)
     278      278      1a8     4         output\syscalls.o:(.debug_frame)
     420      420       24     4         D:\LLVM\arm-none-eabi\lib\libc.a(libc_picolib_machine_arm_read_tp.S.o):(.debug_frame)
     444      444       28     4         output\sysmem.o:(.debug_frame)
     46c      46c       40     4         output\system_stm32h5xx.o:(.debug_frame)
     4ac      4ac      4c8     4         output\stm32h5xx_hal.o:(.debug_frame)
     974      974      264     4         output\stm32h5xx_hal_cortex.o:(.debug_frame)
     bd8      bd8      1a0     4         output\stm32h5xx_hal_dma.o:(.debug_frame)
     d78      d78      584     4         output\stm32h5xx_hal_dma_ex.o:(.debug_frame)
    12fc     12fc      138     4         output\stm32h5xx_hal_exti.o:(.debug_frame)
    1434     1434      14c     4         output\stm32h5xx_hal_flash.o:(.debug_frame)
    1580     1580      210     4         output\stm32h5xx_hal_flash_ex.o:(.debug_frame)
    1790     1790      148     4         output\stm32h5xx_hal_gpio.o:(.debug_frame)
    18d8     18d8      174     4         output\stm32h5xx_hal_icache.o:(.debug_frame)
    1a4c     1a4c      168     4         output\stm32h5xx_hal_pwr.o:(.debug_frame)
    1bb4     1bb4      2ec     4         output\stm32h5xx_hal_pwr_ex.o:(.debug_frame)
    1ea0     1ea0      21c     4         output\stm32h5xx_hal_rcc.o:(.debug_frame)
    20bc     20bc      4c8     4         output\stm32h5xx_hal_rcc_ex.o:(.debug_frame)
    2584     2584      860     4         output\stm32h5xx_hal_uart.o:(.debug_frame)
    2de4     2de4      1f4     4         output\stm32h5xx_hal_uart_ex.o:(.debug_frame)
       0        0      452     1 .debug_line_str
       0        0      452     1         <internal>:(.debug_line_str)
       0        0     82c1     1 .debug_loc
       0        0       50     1         output\main.o:(.debug_loc)
      50       50       8b     1         output\stm32h5xx_hal_msp.o:(.debug_loc)
      db       db      29e     1         output\syscalls.o:(.debug_loc)
     379      379       31     1         output\sysmem.o:(.debug_loc)
     3aa      3aa       e4     1         output\system_stm32h5xx.o:(.debug_loc)
     48e      48e      2e7     1         output\stm32h5xx_hal.o:(.debug_loc)
     775      775      49b     1         output\stm32h5xx_hal_cortex.o:(.debug_loc)
     c10      c10      6af     1         output\stm32h5xx_hal_dma.o:(.debug_loc)
    12bf     12bf     1614     1         output\stm32h5xx_hal_dma_ex.o:(.debug_loc)
    28d3     28d3      603     1         output\stm32h5xx_hal_exti.o:(.debug_loc)
    2ed6     2ed6      3e0     1         output\stm32h5xx_hal_flash.o:(.debug_loc)
    32b6     32b6      703     1         output\stm32h5xx_hal_flash_ex.o:(.debug_loc)
    39b9     39b9      32e     1         output\stm32h5xx_hal_gpio.o:(.debug_loc)
    3ce7     3ce7      258     1         output\stm32h5xx_hal_icache.o:(.debug_loc)
    3f3f     3f3f      1c4     1         output\stm32h5xx_hal_pwr.o:(.debug_loc)
    4103     4103      17d     1         output\stm32h5xx_hal_pwr_ex.o:(.debug_loc)
    4280     4280      5bc     1         output\stm32h5xx_hal_rcc.o:(.debug_loc)
    483c     483c     19dc     1         output\stm32h5xx_hal_rcc_ex.o:(.debug_loc)
    6218     6218     1aec     1         output\stm32h5xx_hal_uart.o:(.debug_loc)
    7d04     7d04      5bd     1         output\stm32h5xx_hal_uart_ex.o:(.debug_loc)
       0        0     4e30     4 .symtab
       0        0     4e30     4         <internal>:(.symtab)
       0        0      142     1 .shstrtab
       0        0      142     1         <internal>:(.shstrtab)
       0        0     3eb1     1 .strtab
       0        0     3eb1     1         <internal>:(.strtab)
